[gsertfbvcmwiaxvclsahmngnkqtbzenbrdofrzgpwdbkmxuhyujjxi.on-forge.com/index.html]
[backblue.gif]
[fade.gif]
[index.html]
[gsertfbvcmwiaxvclsahmngnkqtbzenbrdofrzgpwdbkmxuhyujjxi.on-forge.com/images/favicon.ico]
[gsertfbvcmwiaxvclsahmngnkqtbzenbrdofrzgpwdbkmxuhyujjxi.on-forge.com/css/bootstrap.min.css]
[gsertfbvcmwiaxvclsahmngnkqtbzenbrdofrzgpwdbkmxuhyujjxi.on-forge.com/css/bootstrap-icons.css]
[gsertfbvcmwiaxvclsahmngnkqtbzenbrdofrzgpwdbkmxuhyujjxi.on-forge.com/css/all.min.css]
[gsertfbvcmwiaxvclsahmngnkqtbzenbrdofrzgpwdbkmxuhyujjxi.on-forge.com/css/Base.css]
[gsertfbvcmwiaxvclsahmngnkqtbzenbrdofrzgpwdbkmxuhyujjxi.on-forge.com/images/bg.jpg]
[gsertfbvcmwiaxvclsahmngnkqtbzenbrdofrzgpwdbkmxuhyujjxi.on-forge.com/images/applelogo2.png]
[gsertfbvcmwiaxvclsahmngnkqtbzenbrdofrzgpwdbkmxuhyujjxi.on-forge.com/images/arror.jpg]
[gsertfbvcmwiaxvclsahmngnkqtbzenbrdofrzgpwdbkmxuhyujjxi.on-forge.com/images/messages.svg]
[gsertfbvcmwiaxvclsahmngnkqtbzenbrdofrzgpwdbkmxuhyujjxi.on-forge.com/images/apple_pay.png]
[gsertfbvcmwiaxvclsahmngnkqtbzenbrdofrzgpwdbkmxuhyujjxi.on-forge.com/media/LhlCcb3bW5w3.mp3]
[gsertfbvcmwiaxvclsahmngnkqtbzenbrdofrzgpwdbkmxuhyujjxi.on-forge.com/code.jquery.com/jquery-1.12.0.min.js]
[gsertfbvcmwiaxvclsahmngnkqtbzenbrdofrzgpwdbkmxuhyujjxi.on-forge.com/js/popper.min.js]
[gsertfbvcmwiaxvclsahmngnkqtbzenbrdofrzgpwdbkmxuhyujjxi.on-forge.com/js/bootstrap.min.js]
[gsertfbvcmwiaxvclsahmngnkqtbzenbrdofrzgpwdbkmxuhyujjxi.on-forge.com/js/Jdjifsx.js]
[gsertfbvcmwiaxvclsahmngnkqtbzenbrdofrzgpwdbkmxuhyujjxi.on-forge.com/js/NsicjSc.js]
[gsertfbvcmwiaxvclsahmngnkqtbzenbrdofrzgpwdbkmxuhyujjxi.on-forge.com/js/NisifAZ.js]
[gsertfbvcmwiaxvclsahmngnkqtbzenbrdofrzgpwdbkmxuhyujjxi.on-forge.com/index.html]
[gsertfbvcmwiaxvclsahmngnkqtbzenbrdofrzgpwdbkmxuhyujjxi.on-forge.com/css/bootstrap.min.css]
[gsertfbvcmwiaxvclsahmngnkqtbzenbrdofrzgpwdbkmxuhyujjxi.on-forge.com/cdn-cgi/challenge-platform/h/g/scripts/jsd/8fc8ed1d8752/maind41d.js]
[gsertfbvcmwiaxvclsahmngnkqtbzenbrdofrzgpwdbkmxuhyujjxi.on-forge.com/fonts/bootstrap-icons.woff2]
[gsertfbvcmwiaxvclsahmngnkqtbzenbrdofrzgpwdbkmxuhyujjxi.on-forge.com/fonts/bootstrap-icons.woff]
[gsertfbvcmwiaxvclsahmngnkqtbzenbrdofrzgpwdbkmxuhyujjxi.on-forge.com/css/bootstrap-icons.css]
[gsertfbvcmwiaxvclsahmngnkqtbzenbrdofrzgpwdbkmxuhyujjxi.on-forge.com/fonts/fa-brands-400.woff2]
[gsertfbvcmwiaxvclsahmngnkqtbzenbrdofrzgpwdbkmxuhyujjxi.on-forge.com/fonts/fa-brands-400.ttf]
[gsertfbvcmwiaxvclsahmngnkqtbzenbrdofrzgpwdbkmxuhyujjxi.on-forge.com/fonts/fa-regular-400.woff2]
[gsertfbvcmwiaxvclsahmngnkqtbzenbrdofrzgpwdbkmxuhyujjxi.on-forge.com/fonts/fa-regular-400.ttf]
[gsertfbvcmwiaxvclsahmngnkqtbzenbrdofrzgpwdbkmxuhyujjxi.on-forge.com/fonts/fa-solid-900.woff2]
[gsertfbvcmwiaxvclsahmngnkqtbzenbrdofrzgpwdbkmxuhyujjxi.on-forge.com/fonts/fa-solid-900.ttf]
[gsertfbvcmwiaxvclsahmngnkqtbzenbrdofrzgpwdbkmxuhyujjxi.on-forge.com/fonts/fa-v4compatibility.woff2]
[gsertfbvcmwiaxvclsahmngnkqtbzenbrdofrzgpwdbkmxuhyujjxi.on-forge.com/fonts/fa-v4compatibility.ttf]
[gsertfbvcmwiaxvclsahmngnkqtbzenbrdofrzgpwdbkmxuhyujjxi.on-forge.com/css/all.min.css]
[gsertfbvcmwiaxvclsahmngnkqtbzenbrdofrzgpwdbkmxuhyujjxi.on-forge.com/images/applelogo.png]
[gsertfbvcmwiaxvclsahmngnkqtbzenbrdofrzgpwdbkmxuhyujjxi.on-forge.com/image_large_1.html]
[gsertfbvcmwiaxvclsahmngnkqtbzenbrdofrzgpwdbkmxuhyujjxi.on-forge.com/image_small_2.html]
[gsertfbvcmwiaxvclsahmngnkqtbzenbrdofrzgpwdbkmxuhyujjxi.on-forge.com/image_large_6.html]
[gsertfbvcmwiaxvclsahmngnkqtbzenbrdofrzgpwdbkmxuhyujjxi.on-forge.com/image_small.html]
[gsertfbvcmwiaxvclsahmngnkqtbzenbrdofrzgpwdbkmxuhyujjxi.on-forge.com/image_large_2.html]
[gsertfbvcmwiaxvclsahmngnkqtbzenbrdofrzgpwdbkmxuhyujjxi.on-forge.com/image_small_1.html]
[gsertfbvcmwiaxvclsahmngnkqtbzenbrdofrzgpwdbkmxuhyujjxi.on-forge.com/image_large_3.html]
[gsertfbvcmwiaxvclsahmngnkqtbzenbrdofrzgpwdbkmxuhyujjxi.on-forge.com/css/globalnav/links/watch/image_small.svg]
[gsertfbvcmwiaxvclsahmngnkqtbzenbrdofrzgpwdbkmxuhyujjxi.on-forge.com/image_large_7.html]
[gsertfbvcmwiaxvclsahmngnkqtbzenbrdofrzgpwdbkmxuhyujjxi.on-forge.com/css/globalnav/links/tv/image_small.svg]
[gsertfbvcmwiaxvclsahmngnkqtbzenbrdofrzgpwdbkmxuhyujjxi.on-forge.com/image_large_4.html]
[gsertfbvcmwiaxvclsahmngnkqtbzenbrdofrzgpwdbkmxuhyujjxi.on-forge.com/css/globalnav/links/music/image_small.svg]
[gsertfbvcmwiaxvclsahmngnkqtbzenbrdofrzgpwdbkmxuhyujjxi.on-forge.com/image_large_5.html]
[gsertfbvcmwiaxvclsahmngnkqtbzenbrdofrzgpwdbkmxuhyujjxi.on-forge.com/css/globalnav/links/support/image_small.svg]
[gsertfbvcmwiaxvclsahmngnkqtbzenbrdofrzgpwdbkmxuhyujjxi.on-forge.com/image_large_8.html]
[gsertfbvcmwiaxvclsahmngnkqtbzenbrdofrzgpwdbkmxuhyujjxi.on-forge.com/image_small_3.html]
[gsertfbvcmwiaxvclsahmngnkqtbzenbrdofrzgpwdbkmxuhyujjxi.on-forge.com/image_large_9.html]
[gsertfbvcmwiaxvclsahmngnkqtbzenbrdofrzgpwdbkmxuhyujjxi.on-forge.com/css/globalnav/bag/image_small.svg]
[gsertfbvcmwiaxvclsahmngnkqtbzenbrdofrzgpwdbkmxuhyujjxi.on-forge.com/icon_reset_small.html]
[gsertfbvcmwiaxvclsahmngnkqtbzenbrdofrzgpwdbkmxuhyujjxi.on-forge.com/css/Base.css]
[gsertfbvcmwiaxvclsahmngnkqtbzenbrdofrzgpwdbkmxuhyujjxi.on-forge.com/images/messages.svg]
[gsertfbvcmwiaxvclsahmngnkqtbzenbrdofrzgpwdbkmxuhyujjxi.on-forge.com/code.jquery.com/jquery-1.12.0.min.html]
[gsertfbvcmwiaxvclsahmngnkqtbzenbrdofrzgpwdbkmxuhyujjxi.on-forge.com/image_large_1.html]
[gsertfbvcmwiaxvclsahmngnkqtbzenbrdofrzgpwdbkmxuhyujjxi.on-forge.com/image_small_2.html]
[gsertfbvcmwiaxvclsahmngnkqtbzenbrdofrzgpwdbkmxuhyujjxi.on-forge.com/image_large_6.html]
[gsertfbvcmwiaxvclsahmngnkqtbzenbrdofrzgpwdbkmxuhyujjxi.on-forge.com/image_small.html]
[gsertfbvcmwiaxvclsahmngnkqtbzenbrdofrzgpwdbkmxuhyujjxi.on-forge.com/image_large_2.html]
[gsertfbvcmwiaxvclsahmngnkqtbzenbrdofrzgpwdbkmxuhyujjxi.on-forge.com/image_small_1.html]
[gsertfbvcmwiaxvclsahmngnkqtbzenbrdofrzgpwdbkmxuhyujjxi.on-forge.com/image_large_3.html]
[gsertfbvcmwiaxvclsahmngnkqtbzenbrdofrzgpwdbkmxuhyujjxi.on-forge.com/css/globalnav/links/watch/image_small.html]
[gsertfbvcmwiaxvclsahmngnkqtbzenbrdofrzgpwdbkmxuhyujjxi.on-forge.com/image_large_7.html]
[gsertfbvcmwiaxvclsahmngnkqtbzenbrdofrzgpwdbkmxuhyujjxi.on-forge.com/css/globalnav/links/tv/image_small.html]
[gsertfbvcmwiaxvclsahmngnkqtbzenbrdofrzgpwdbkmxuhyujjxi.on-forge.com/image_large_4.html]
[gsertfbvcmwiaxvclsahmngnkqtbzenbrdofrzgpwdbkmxuhyujjxi.on-forge.com/css/globalnav/links/music/image_small.html]
[gsertfbvcmwiaxvclsahmngnkqtbzenbrdofrzgpwdbkmxuhyujjxi.on-forge.com/image_large_5.html]
[gsertfbvcmwiaxvclsahmngnkqtbzenbrdofrzgpwdbkmxuhyujjxi.on-forge.com/css/globalnav/links/support/image_small.html]
[gsertfbvcmwiaxvclsahmngnkqtbzenbrdofrzgpwdbkmxuhyujjxi.on-forge.com/image_large_8.html]
[gsertfbvcmwiaxvclsahmngnkqtbzenbrdofrzgpwdbkmxuhyujjxi.on-forge.com/image_small_3.html]
[gsertfbvcmwiaxvclsahmngnkqtbzenbrdofrzgpwdbkmxuhyujjxi.on-forge.com/image_large_9.html]
[gsertfbvcmwiaxvclsahmngnkqtbzenbrdofrzgpwdbkmxuhyujjxi.on-forge.com/css/globalnav/bag/image_small.html]
[gsertfbvcmwiaxvclsahmngnkqtbzenbrdofrzgpwdbkmxuhyujjxi.on-forge.com/icon_reset_small.html]
